// Jest Snapshot v1, https://goo.gl/fbAQLP

exports[`matches snapshot 1`] = `
<DocumentFragment>
  <div>
    <div
      class="logged-out-dash"
    >
      <p>
        Please log in to view dashboard.
      </p>
    </div>
  </div>
</DocumentFragment>
`;
